	github.com/steffenrumpf/hdc/cmd		coverage: 0.0% of statements
=== RUN   TestProperty10_IsLocalChart_WithPathPrefix
    checker_property_test.go:17: [rapid] OK, passed 100 tests (4.509083ms)
--- PASS: TestProperty10_IsLocalChart_WithPathPrefix (0.00s)
=== RUN   TestProperty10_IsLocalChart_WithoutPathPrefix
    checker_property_test.go:30: [rapid] OK, passed 100 tests (4.282917ms)
--- PASS: TestProperty10_IsLocalChart_WithoutPathPrefix (0.00s)
=== RUN   TestProperty13_IsOCIRepo_WithOCIPrefix
    checker_property_test.go:47: [rapid] OK, passed 100 tests (8.566334ms)
--- PASS: TestProperty13_IsOCIRepo_WithOCIPrefix (0.01s)
=== RUN   TestProperty13_IsOCIRepo_WithoutOCIPrefix
    checker_property_test.go:59: [rapid] OK, passed 100 tests (8.00325ms)
--- PASS: TestProperty13_IsOCIRepo_WithoutOCIPrefix (0.01s)
=== RUN   TestProperty15_IsOCIFromFlag_WithFlagSet
    checker_property_test.go:77: [rapid] OK, passed 100 tests (11.425959ms)
--- PASS: TestProperty15_IsOCIFromFlag_WithFlagSet (0.01s)
=== RUN   TestProperty15_IsOCIFromFlag_WithFlagUnset
    checker_property_test.go:90: [rapid] OK, passed 100 tests (9.993458ms)
--- PASS: TestProperty15_IsOCIFromFlag_WithFlagUnset (0.01s)
=== RUN   TestProperty16_ResultSeverityClassification
    checker_property_test.go:111: [rapid] OK, passed 100 tests (3.797291ms)
--- PASS: TestProperty16_ResultSeverityClassification (0.00s)
=== RUN   TestProperty17_ExitCodeCalculation
    checker_property_test.go:169: [rapid] OK, passed 100 tests (4.867833ms)
--- PASS: TestProperty17_ExitCodeCalculation (0.00s)
=== RUN   TestProperty16_OCIFromFlag_UsesSameLogic
    checker_property_test.go:223: Property 16 is covered by unit tests TestCheck_OCI_Repository_With_Flag
--- SKIP: TestProperty16_OCIFromFlag_UsesSameLogic (0.00s)
=== RUN   TestCheck_UpToDate
--- PASS: TestCheck_UpToDate (0.00s)
=== RUN   TestCheck_Outdated
--- PASS: TestCheck_Outdated (0.00s)
=== RUN   TestCheck_Unmaintained
--- PASS: TestCheck_Unmaintained (0.00s)
=== RUN   TestCheck_Unreachable
2026/04/22 22:09:14 WARN failed to fetch repository index repo=bitnami error="connection refused"
--- PASS: TestCheck_Unreachable (0.00s)
=== RUN   TestCheck_ExcludedChart
--- PASS: TestCheck_ExcludedChart (0.00s)
=== RUN   TestIsLocalChart_ReturnsTrue
=== RUN   TestIsLocalChart_ReturnsTrue/./charts/mychart
=== RUN   TestIsLocalChart_ReturnsTrue/../shared/chart
=== RUN   TestIsLocalChart_ReturnsTrue//absolute/path/chart
--- PASS: TestIsLocalChart_ReturnsTrue (0.00s)
    --- PASS: TestIsLocalChart_ReturnsTrue/./charts/mychart (0.00s)
    --- PASS: TestIsLocalChart_ReturnsTrue/../shared/chart (0.00s)
    --- PASS: TestIsLocalChart_ReturnsTrue//absolute/path/chart (0.00s)
=== RUN   TestIsLocalChart_ReturnsFalse
=== RUN   TestIsLocalChart_ReturnsFalse/bitnami/redis
=== RUN   TestIsLocalChart_ReturnsFalse/oci://registry/chart
=== RUN   TestIsLocalChart_ReturnsFalse/mychart
--- PASS: TestIsLocalChart_ReturnsFalse (0.00s)
    --- PASS: TestIsLocalChart_ReturnsFalse/bitnami/redis (0.00s)
    --- PASS: TestIsLocalChart_ReturnsFalse/oci://registry/chart (0.00s)
    --- PASS: TestIsLocalChart_ReturnsFalse/mychart (0.00s)
=== RUN   TestCheck_SkipsLocalChartWithoutCallingRepoClient
=== RUN   TestCheck_SkipsLocalChartWithoutCallingRepoClient/relative_dot-slash
=== RUN   TestCheck_SkipsLocalChartWithoutCallingRepoClient/relative_parent
=== RUN   TestCheck_SkipsLocalChartWithoutCallingRepoClient/absolute_path
=== RUN   TestCheck_SkipsLocalChartWithoutCallingRepoClient/nested_relative
=== RUN   TestCheck_SkipsLocalChartWithoutCallingRepoClient/parent_with_nested
--- PASS: TestCheck_SkipsLocalChartWithoutCallingRepoClient (0.00s)
    --- PASS: TestCheck_SkipsLocalChartWithoutCallingRepoClient/relative_dot-slash (0.00s)
    --- PASS: TestCheck_SkipsLocalChartWithoutCallingRepoClient/relative_parent (0.00s)
    --- PASS: TestCheck_SkipsLocalChartWithoutCallingRepoClient/absolute_path (0.00s)
    --- PASS: TestCheck_SkipsLocalChartWithoutCallingRepoClient/nested_relative (0.00s)
    --- PASS: TestCheck_SkipsLocalChartWithoutCallingRepoClient/parent_with_nested (0.00s)
=== RUN   TestCheckOCIRelease_UpToDate
--- PASS: TestCheckOCIRelease_UpToDate (0.00s)
=== RUN   TestCheckOCIRelease_Outdated
--- PASS: TestCheckOCIRelease_Outdated (0.00s)
=== RUN   TestCheckOCIRelease_Unreachable
2026/04/22 22:09:14 WARN failed to fetch OCI tags url=oci://registry.example.com/charts/myapp error="connection refused"
--- PASS: TestCheckOCIRelease_Unreachable (0.00s)
=== RUN   TestCheckOCIRelease_DirectChartField
--- PASS: TestCheckOCIRelease_DirectChartField (0.00s)
=== RUN   TestIsOCIRepo_RoutesToFetchOCITags
=== RUN   TestIsOCIRepo_RoutesToFetchOCITags/oci://registry.example.com/charts
=== RUN   TestIsOCIRepo_RoutesToFetchOCITags/oci://myregistry.io:5000/org/team
=== RUN   TestIsOCIRepo_RoutesToFetchOCITags/oci://ghcr.io/helm-charts
--- PASS: TestIsOCIRepo_RoutesToFetchOCITags (0.00s)
    --- PASS: TestIsOCIRepo_RoutesToFetchOCITags/oci://registry.example.com/charts (0.00s)
    --- PASS: TestIsOCIRepo_RoutesToFetchOCITags/oci://myregistry.io:5000/org/team (0.00s)
    --- PASS: TestIsOCIRepo_RoutesToFetchOCITags/oci://ghcr.io/helm-charts (0.00s)
=== RUN   TestIsOCIRepo_ReturnsFalseForHTTPRepos
=== RUN   TestIsOCIRepo_ReturnsFalseForHTTPRepos/https://charts.bitnami.com/bitnami
=== RUN   TestIsOCIRepo_ReturnsFalseForHTTPRepos/http://charts.example.com/repo
=== RUN   TestIsOCIRepo_ReturnsFalseForHTTPRepos/https://registry.example.com/charts
--- PASS: TestIsOCIRepo_ReturnsFalseForHTTPRepos (0.00s)
    --- PASS: TestIsOCIRepo_ReturnsFalseForHTTPRepos/https://charts.bitnami.com/bitnami (0.00s)
    --- PASS: TestIsOCIRepo_ReturnsFalseForHTTPRepos/http://charts.example.com/repo (0.00s)
    --- PASS: TestIsOCIRepo_ReturnsFalseForHTTPRepos/https://registry.example.com/charts (0.00s)
=== RUN   TestResult_HasIssues
=== RUN   TestResult_HasIssues/no_issues
=== RUN   TestResult_HasIssues/outdated
=== RUN   TestResult_HasIssues/unmaintained
=== RUN   TestResult_HasIssues/unreachable
--- PASS: TestResult_HasIssues (0.00s)
    --- PASS: TestResult_HasIssues/no_issues (0.00s)
    --- PASS: TestResult_HasIssues/outdated (0.00s)
    --- PASS: TestResult_HasIssues/unmaintained (0.00s)
    --- PASS: TestResult_HasIssues/unreachable (0.00s)
=== RUN   TestResult_HasErrors
=== RUN   TestResult_HasErrors/no_issues
=== RUN   TestResult_HasErrors/outdated_only
=== RUN   TestResult_HasErrors/unmaintained
=== RUN   TestResult_HasErrors/unreachable
=== RUN   TestResult_HasErrors/mixed_with_errors
=== RUN   TestResult_HasErrors/mixed_without_errors
--- PASS: TestResult_HasErrors (0.00s)
    --- PASS: TestResult_HasErrors/no_issues (0.00s)
    --- PASS: TestResult_HasErrors/outdated_only (0.00s)
    --- PASS: TestResult_HasErrors/unmaintained (0.00s)
    --- PASS: TestResult_HasErrors/unreachable (0.00s)
    --- PASS: TestResult_HasErrors/mixed_with_errors (0.00s)
    --- PASS: TestResult_HasErrors/mixed_without_errors (0.00s)
=== RUN   TestResult_HasWarnings
=== RUN   TestResult_HasWarnings/no_issues
=== RUN   TestResult_HasWarnings/outdated_only
=== RUN   TestResult_HasWarnings/unmaintained
=== RUN   TestResult_HasWarnings/unreachable
=== RUN   TestResult_HasWarnings/mixed_with_errors
=== RUN   TestResult_HasWarnings/mixed_without_errors
--- PASS: TestResult_HasWarnings (0.00s)
    --- PASS: TestResult_HasWarnings/no_issues (0.00s)
    --- PASS: TestResult_HasWarnings/outdated_only (0.00s)
    --- PASS: TestResult_HasWarnings/unmaintained (0.00s)
    --- PASS: TestResult_HasWarnings/unreachable (0.00s)
    --- PASS: TestResult_HasWarnings/mixed_with_errors (0.00s)
    --- PASS: TestResult_HasWarnings/mixed_without_errors (0.00s)
=== RUN   TestResult_ExitCode
=== RUN   TestResult_ExitCode/no_issues
=== RUN   TestResult_ExitCode/skipped_only
=== RUN   TestResult_ExitCode/outdated_only
=== RUN   TestResult_ExitCode/unmaintained
=== RUN   TestResult_ExitCode/unreachable
=== RUN   TestResult_ExitCode/mixed_with_errors
=== RUN   TestResult_ExitCode/mixed_warnings_only
--- PASS: TestResult_ExitCode (0.00s)
    --- PASS: TestResult_ExitCode/no_issues (0.00s)
    --- PASS: TestResult_ExitCode/skipped_only (0.00s)
    --- PASS: TestResult_ExitCode/outdated_only (0.00s)
    --- PASS: TestResult_ExitCode/unmaintained (0.00s)
    --- PASS: TestResult_ExitCode/unreachable (0.00s)
    --- PASS: TestResult_ExitCode/mixed_with_errors (0.00s)
    --- PASS: TestResult_ExitCode/mixed_warnings_only (0.00s)
=== RUN   TestIsOCIFromFlag
=== RUN   TestIsOCIFromFlag/oci_true
=== RUN   TestIsOCIFromFlag/oci_false
=== RUN   TestIsOCIFromFlag/oci_not_set
--- PASS: TestIsOCIFromFlag (0.00s)
    --- PASS: TestIsOCIFromFlag/oci_true (0.00s)
    --- PASS: TestIsOCIFromFlag/oci_false (0.00s)
    --- PASS: TestIsOCIFromFlag/oci_not_set (0.00s)
=== RUN   TestCheck_OCI_Repository_With_Flag
--- PASS: TestCheck_OCI_Repository_With_Flag (0.00s)
PASS
coverage: 92.1% of statements
ok  	github.com/steffenrumpf/hdc/internal/checker	(cached)	coverage: 92.1% of statements
	github.com/steffenrumpf/hdc/internal/checker/mocks		coverage: 0.0% of statements
=== RUN   TestInitConfig_Defaults
--- PASS: TestInitConfig_Defaults (0.00s)
=== RUN   TestInitConfig_InvalidFile
--- PASS: TestInitConfig_InvalidFile (0.00s)
=== RUN   TestInitLogger_DoesNotPanic
--- PASS: TestInitLogger_DoesNotPanic (0.00s)
PASS
coverage: 85.7% of statements
ok  	github.com/steffenrumpf/hdc/internal/config	1.471s	coverage: 85.7% of statements
	github.com/steffenrumpf/hdc/internal/models		coverage: 0.0% of statements
=== RUN   TestParse_YAML
--- PASS: TestParse_YAML (0.00s)
=== RUN   TestParse_GoTmpl
--- PASS: TestParse_GoTmpl (0.00s)
=== RUN   TestParse_Directory
--- PASS: TestParse_Directory (0.00s)
=== RUN   TestParse_GlobResolvesAndMergesSubHelmfiles
--- PASS: TestParse_GlobResolvesAndMergesSubHelmfiles (0.00s)
=== RUN   TestParse_ExplicitPathWithSelectorsIgnored
--- PASS: TestParse_ExplicitPathWithSelectorsIgnored (0.00s)
=== RUN   TestParse_MissingExplicitPathReturnsError
--- PASS: TestParse_MissingExplicitPathReturnsError (0.00s)
=== RUN   TestParse_GlobMatchingZeroFilesContinuesWithoutError
--- PASS: TestParse_GlobMatchingZeroFilesContinuesWithoutError (0.00s)
=== RUN   TestParse_RecursiveSubHelmfileReferencesAreFollowed
--- PASS: TestParse_RecursiveSubHelmfileReferencesAreFollowed (0.00s)
=== RUN   TestParse_MixedStringAndMapEntriesInHelmfilesList
--- PASS: TestParse_MixedStringAndMapEntriesInHelmfilesList (0.00s)
=== RUN   TestParse_ReadError
--- PASS: TestParse_ReadError (0.00s)
=== RUN   TestParse_Integration_SubHelmfiles
--- PASS: TestParse_Integration_SubHelmfiles (0.00s)
=== RUN   TestParse_MultiDocumentYAML
--- PASS: TestParse_MultiDocumentYAML (0.00s)
=== RUN   TestParse_Integration_MultiDocumentYAML
--- PASS: TestParse_Integration_MultiDocumentYAML (0.00s)
=== RUN   TestParse_Integration_OverlappingEntriesDetectedAsCircular
--- PASS: TestParse_Integration_OverlappingEntriesDetectedAsCircular (0.00s)
=== RUN   TestParse_OCI_Repository
--- PASS: TestParse_OCI_Repository (0.00s)
PASS
coverage: 89.2% of statements
ok  	github.com/steffenrumpf/hdc/internal/parser	(cached)	coverage: 89.2% of statements
	github.com/steffenrumpf/hdc/internal/parser/mocks		coverage: 0.0% of statements
=== RUN   TestNew_InvalidFormat
--- PASS: TestNew_InvalidFormat (0.00s)
=== RUN   TestWrite_JSON
--- PASS: TestWrite_JSON (0.00s)
=== RUN   TestWrite_Markdown
--- PASS: TestWrite_Markdown (0.00s)
=== RUN   TestWrite_HTML
--- PASS: TestWrite_HTML (0.00s)
=== RUN   TestWrite_JSON_StatusSkipped
--- PASS: TestWrite_JSON_StatusSkipped (0.00s)
=== RUN   TestWrite_Markdown_StatusSkipped
--- PASS: TestWrite_Markdown_StatusSkipped (0.00s)
=== RUN   TestWrite_HTML_StatusSkipped
--- PASS: TestWrite_HTML_StatusSkipped (0.00s)
=== RUN   TestWrite_JSON_IgnoreSkipped
--- PASS: TestWrite_JSON_IgnoreSkipped (0.00s)
=== RUN   TestWrite_Markdown_IgnoreSkipped
--- PASS: TestWrite_Markdown_IgnoreSkipped (0.00s)
=== RUN   TestWrite_HTML_IgnoreSkipped
--- PASS: TestWrite_HTML_IgnoreSkipped (0.00s)
=== RUN   TestIgnoreSkipped_AffectsOutputOnly_NotExitCode
--- PASS: TestIgnoreSkipped_AffectsOutputOnly_NotExitCode (0.00s)
PASS
coverage: 87.2% of statements
ok  	github.com/steffenrumpf/hdc/internal/report	1.895s	coverage: 87.2% of statements
	github.com/steffenrumpf/hdc/internal/report/mocks		coverage: 0.0% of statements
=== RUN   TestProperty12_FilterSemverTags_OnlyValidSemver
    client_property_test.go:20: [rapid] OK, passed 100 tests (8.297792ms)
--- PASS: TestProperty12_FilterSemverTags_OnlyValidSemver (0.01s)
=== RUN   TestProperty12_FilterSemverTags_CorrectLatest
    client_property_test.go:71: [rapid] OK, passed 100 tests (8.665042ms)
--- PASS: TestProperty12_FilterSemverTags_CorrectLatest (0.01s)
=== RUN   TestFetchIndex_Success
--- PASS: TestFetchIndex_Success (0.00s)
=== RUN   TestFetchIndex_HTTPError
--- PASS: TestFetchIndex_HTTPError (0.00s)
=== RUN   TestFetchIndex_Non200
--- PASS: TestFetchIndex_Non200 (0.00s)
=== RUN   TestLatestVersion
--- PASS: TestLatestVersion (0.00s)
=== RUN   TestLatestVersion_NotFound
--- PASS: TestLatestVersion_NotFound (0.00s)
=== RUN   TestFetchOCITags_Success
--- PASS: TestFetchOCITags_Success (0.00s)
=== RUN   TestFetchOCITags_ConstructsCorrectURL
--- PASS: TestFetchOCITags_ConstructsCorrectURL (0.00s)
=== RUN   TestFetchOCITags_HTTPError
--- PASS: TestFetchOCITags_HTTPError (0.00s)
=== RUN   TestFetchOCITags_Non200
--- PASS: TestFetchOCITags_Non200 (0.00s)
=== RUN   TestFetchOCITags_InvalidJSON
--- PASS: TestFetchOCITags_InvalidJSON (0.00s)
=== RUN   TestFetchOCITags_InvalidOCIURL
--- PASS: TestFetchOCITags_InvalidOCIURL (0.00s)
=== RUN   TestFetchOCITags_FiltersNonSemverTags
=== RUN   TestFetchOCITags_FiltersNonSemverTags/filters_common_non-semver_tags
=== RUN   TestFetchOCITags_FiltersNonSemverTags/filters_sha-like_and_date-based_tags
=== RUN   TestFetchOCITags_FiltersNonSemverTags/keeps_pre-release_semver_tags
=== RUN   TestFetchOCITags_FiltersNonSemverTags/filters_single-segment_and_two-segment_versions
--- PASS: TestFetchOCITags_FiltersNonSemverTags (0.00s)
    --- PASS: TestFetchOCITags_FiltersNonSemverTags/filters_common_non-semver_tags (0.00s)
    --- PASS: TestFetchOCITags_FiltersNonSemverTags/filters_sha-like_and_date-based_tags (0.00s)
    --- PASS: TestFetchOCITags_FiltersNonSemverTags/keeps_pre-release_semver_tags (0.00s)
    --- PASS: TestFetchOCITags_FiltersNonSemverTags/filters_single-segment_and_two-segment_versions (0.00s)
=== RUN   TestFetchOCITags_NoValidSemverTags
--- PASS: TestFetchOCITags_NoValidSemverTags (0.00s)
=== RUN   TestParseWwwAuthenticate_ValidHeader
=== RUN   TestParseWwwAuthenticate_ValidHeader/full_header_with_realm,_service,_scope
=== RUN   TestParseWwwAuthenticate_ValidHeader/realm_and_service_only,_scope_derived_from_repo
--- PASS: TestParseWwwAuthenticate_ValidHeader (0.00s)
    --- PASS: TestParseWwwAuthenticate_ValidHeader/full_header_with_realm,_service,_scope (0.00s)
    --- PASS: TestParseWwwAuthenticate_ValidHeader/realm_and_service_only,_scope_derived_from_repo (0.00s)
=== RUN   TestParseWwwAuthenticate_EmptyOrInvalid
--- PASS: TestParseWwwAuthenticate_EmptyOrInvalid (0.00s)
=== RUN   TestFetchOCITags_AuthRetrySuccess
--- PASS: TestFetchOCITags_AuthRetrySuccess (0.00s)
=== RUN   TestFetchOCITags_AuthTokenRequestFails
--- PASS: TestFetchOCITags_AuthTokenRequestFails (0.00s)
=== RUN   TestFetchOCITags_AuthTokenNon200
--- PASS: TestFetchOCITags_AuthTokenNon200 (0.00s)
=== RUN   TestParseOCIURL
=== RUN   TestParseOCIURL/simple_registry_with_chart
=== RUN   TestParseOCIURL/deeply_nested_path
=== RUN   TestParseOCIURL/single_path_segment
=== RUN   TestParseOCIURL/registry_with_port
=== RUN   TestParseOCIURL/trailing_slash_stripped
--- PASS: TestParseOCIURL (0.00s)
    --- PASS: TestParseOCIURL/simple_registry_with_chart (0.00s)
    --- PASS: TestParseOCIURL/deeply_nested_path (0.00s)
    --- PASS: TestParseOCIURL/single_path_segment (0.00s)
    --- PASS: TestParseOCIURL/registry_with_port (0.00s)
    --- PASS: TestParseOCIURL/trailing_slash_stripped (0.00s)
=== RUN   TestParseOCIURL_Errors
=== RUN   TestParseOCIURL_Errors/missing_oci_scheme
=== RUN   TestParseOCIURL_Errors/missing_host
=== RUN   TestParseOCIURL_Errors/missing_repo_path
=== RUN   TestParseOCIURL_Errors/missing_repo_path_with_trailing_slash
--- PASS: TestParseOCIURL_Errors (0.00s)
    --- PASS: TestParseOCIURL_Errors/missing_oci_scheme (0.00s)
    --- PASS: TestParseOCIURL_Errors/missing_host (0.00s)
    --- PASS: TestParseOCIURL_Errors/missing_repo_path (0.00s)
    --- PASS: TestParseOCIURL_Errors/missing_repo_path_with_trailing_slash (0.00s)
PASS
coverage: 87.9% of statements
ok  	github.com/steffenrumpf/hdc/internal/repository	(cached)	coverage: 87.9% of statements
	github.com/steffenrumpf/hdc/internal/repository/mocks		coverage: 0.0% of statements
